
> recipe-manager@0.1.0 test
> jest

   Using tsconfig file: ./tsconfig.json
